BL51 BANKED LINKER/LOCATER V6.22                                                        02/14/2019  17:50:51  PAGE 1


BL51 BANKED LINKER/LOCATER V6.22, INVOKED BY:
C:\KEIL_V5\C51\BIN\BL51.EXE .\Objects\main.obj TO .\Objects\test PRINT (.\Listings\test.m51) RAMSIZE (256)


MEMORY MODEL: SMALL


INPUT MODULES INCLUDED:
  .\Objects\main.obj (MAIN)
  C:\KEIL_V5\C51\LIB\C51S.LIB (?C_STARTUP)
  C:\KEIL_V5\C51\LIB\C51S.LIB (?C?SLCMP)


LINK MAP OF MODULE:  .\Objects\test (MAIN)


            TYPE    BASE      LENGTH    RELOCATION   SEGMENT NAME
            -----------------------------------------------------

            * * * * * * *   D A T A   M E M O R Y   * * * * * * *
            REG     0000H     0008H     ABSOLUTE     "REG BANK 0"
            DATA    0008H     0002H     UNIT         _DATA_GROUP_
            IDATA   000AH     0001H     UNIT         ?STACK

            * * * * * * *   C O D E   M E M O R Y   * * * * * * *
            CODE    0000H     0003H     ABSOLUTE     
            CODE    0003H     0029H     UNIT         ?PR?MAIN?MAIN
            CODE    002CH     001AH     UNIT         ?PR?DELAY?MAIN
            CODE    0046H     0016H     UNIT         ?C?LIB_CODE
            CODE    005CH     000CH     UNIT         ?C_C51STARTUP



OVERLAY MAP OF MODULE:   .\Objects\test (MAIN)


SEGMENT                          DATA_GROUP 
  +--> CALLED SEGMENT          START    LENGTH
----------------------------------------------
?C_C51STARTUP                  -----    -----
  +--> ?PR?MAIN?MAIN

?PR?MAIN?MAIN                  0008H    0002H
  +--> ?PR?DELAY?MAIN



SYMBOL TABLE OF MODULE:  .\Objects\test (MAIN)

  VALUE           TYPE          NAME
  ----------------------------------

  -------         MODULE        MAIN
  C:0000H         SYMBOL        _ICE_DUMMY_
  D:0080H         PUBLIC        P0
  D:00A0H         PUBLIC        P2
  D:00E8H         PUBLIC        P4
  C:002CH         PUBLIC        delay
BL51 BANKED LINKER/LOCATER V6.22                                                      02/14/2019  17:50:51  PAGE 2


  C:0003H         PUBLIC        main
  -------         PROC          MAIN
  -------         DO            
  D:0008H         SYMBOL        i
  -------         ENDDO         
  C:0003H         LINE#         4
  C:0003H         LINE#         6
  C:0006H         LINE#         7
  C:0008H         LINE#         8
  C:0008H         LINE#         10
  C:000BH         LINE#         11
  C:0010H         LINE#         12
  C:0010H         LINE#         13
  C:0013H         LINE#         14
  C:0019H         LINE#         15
  -------         ENDPROC       MAIN
  -------         PROC          DELAY
  -------         DO            
  D:0082H         SYMBOL        i
  -------         ENDDO         
  C:002CH         LINE#         20
  C:002CH         LINE#         22
  C:0045H         LINE#         23
  -------         ENDPROC       DELAY
  -------         ENDMOD        MAIN

  -------         MODULE        ?C?SLCMP
  C:0046H         PUBLIC        ?C?SLCMP
  -------         ENDMOD        ?C?SLCMP

Program Size: data=11.0 xdata=0 code=104
LINK/LOCATE RUN COMPLETE.  0 WARNING(S),  0 ERROR(S)
